// Jest Snapshot v1, https://goo.gl/fbAQLP

exports[`generated declaration file matches snapshot 1`] = `
declare module "@theme-ui/css" {
    export interface Theme {
        styles: {
            root: {
                fontSize: 1;
            };
        };
        colors: {
            primary: "red";
            secondary: "blue";
            black: "#000";
            dark: {
                primary: "white";
            };
            light: {
                primary: "black";
            };
        };
        space: [
            0,
            4,
            8,
            16
        ];
        borderWidths: [
            0,
            1,
            2
        ];
        layout: {
            spacing: {
                large: {
                    margin: 3;
                };
            };
        };
        buttons: {
            base: {
                p: 3;
                paddingX: [
                    2,
                    3
                ];
                borderWidth: 1;
            };
            primary: {
                backgroundColor: "primary";
            };
        };
    }
}
export {};

`;

exports[`generated stylesheet matches snapshot 1`] = `
:root {
    --theme-ui-colors-primary: red;
    --theme-ui-colors-secondary: blue;
    --theme-ui-colors-black: #000;
    --theme-ui-colors-dark-primary: white;
    --theme-ui-colors-light-primary: black;
    --theme-ui-space-0: 0px;
    --theme-ui-space-1: 4px;
    --theme-ui-space-2: 8px;
    --theme-ui-space-3: 16px;
    --theme-ui-borderWidths-0: 0px;
    --theme-ui-borderWidths-1: 1px;
    --theme-ui-borderWidths-2: 2px
}
.button-base {
    padding: var(--theme-ui-space-3);
    padding-left: var(--theme-ui-space-2);
    padding-right: var(--theme-ui-space-2);
    border-width: var(--theme-ui-borderWidths-1);
}
@media screen and (min-width: 40em) {
    .button-base {
        padding-left: var(--theme-ui-space-3);
        padding-right: var(--theme-ui-space-3)
    }
}
.button-primary {
    background-color: var(--theme-ui-colors-primary)
}
.layout-spacing-large {
    margin: var(--theme-ui-space-3)
}
`;
